C:/Users/chenc/OneDrive - Northwestern University/Northwestern/Mech Eng Courses/ME433/HW18/FDCAN_Com_Polling/Drivers/STM32C0xx_HAL_Driver/Src/stm32c0xx_hal_rcc_ex.c:95:19:HAL_RCCEx_PeriphCLKConfig	32	static
C:/Users/chenc/OneDrive - Northwestern University/Northwestern/Mech Eng Courses/ME433/HW18/FDCAN_Com_Polling/Drivers/STM32C0xx_HAL_Driver/Src/stm32c0xx_hal_rcc_ex.c:253:6:HAL_RCCEx_GetPeriphCLKConfig	16	static
C:/Users/chenc/OneDrive - Northwestern University/Northwestern/Mech Eng Courses/ME433/HW18/FDCAN_Com_Polling/Drivers/STM32C0xx_HAL_Driver/Src/stm32c0xx_hal_rcc_ex.c:309:10:HAL_RCCEx_GetPeriphCLKFreq	24	static
C:/Users/chenc/OneDrive - Northwestern University/Northwestern/Mech Eng Courses/ME433/HW18/FDCAN_Com_Polling/Drivers/STM32C0xx_HAL_Driver/Src/stm32c0xx_hal_rcc_ex.c:520:6:HAL_RCCEx_EnableLSCO	40	static
C:/Users/chenc/OneDrive - Northwestern University/Northwestern/Mech Eng Courses/ME433/HW18/FDCAN_Com_Polling/Drivers/STM32C0xx_HAL_Driver/Src/stm32c0xx_hal_rcc_ex.c:545:6:HAL_RCCEx_DisableLSCO	8	static
