../Src/currentControl_lib.c:16:6:print_STM32	16	static
../Src/currentControl_lib.c:20:10:read_ADC	16	static
../Src/currentControl_lib.c:35:6:HAL_TIM_PeriodElapsedCallback	48	static
../Src/currentControl_lib.c:86:6:init_PWM_STM32	8	static
../Src/currentControl_lib.c:94:6:init_ina219	16	static
../Src/currentControl_lib.c:102:7:read_ina219	24	static
../Src/currentControl_lib.c:110:6:writeINA219	32	static
../Src/currentControl_lib.c:120:14:readINA219	40	static
../Src/currentControl_lib.c:129:6:set_motor_pwm	16	static
